<html>
<body>
<pre>
<h1>µVision Build Log</h1>
<h2>Tool Versions:</h2>
IDE-Version: µVision V5.17.0.0
Copyright (C) 2015 ARM Ltd and ARM Germany GmbH. All rights reserved.
License Information: m User, UralSOFT, LIC=X9612-9E0L6-4SQY4-FI505-27WGF-ACRIT
 
Tool Versions:
Toolchain:       MDK-ARM Standard  Version: 5.17
Toolchain Path:  C:\Keil_v5\ARM\ARMCC\Bin
C Compiler:      Armcc.exe V5.06 update 1 (build 61)
Assembler:       Armasm.exe V5.06 update 1 (build 61)
Linker/Locator:  ArmLink.exe V5.06 update 1 (build 61)
Library Manager: ArmAr.exe V5.06 update 1 (build 61)
Hex Converter:   FromElf.exe V5.06 update 1 (build 61)
CPU DLL:         SARMCM3.DLL V5.17
Dialog DLL:      DARMCM1.DLL V1.12.0.0
Target DLL:      STLink\ST-LINKIII-KEIL_SWO.dll V2.0.18.0
Dialog DLL:      TARMCM1.DLL V1.9.0.0
 
<h2>Project:</h2>
H:\STM pro\Keil\Часы Кирилл\Clock Kirill.uvprojx
Project File Date:  10/28/2018

<h2>Output:</h2>
*** Using Compiler 'V5.06 update 1 (build 61)', folder: 'C:\Keil_v5\ARM\ARMCC\Bin'
Rebuild target 'Target 1'
assembling startup_stm32f030.s...
compiling fonts.c...
compiling system_stm32f0xx.c...
Libs\CMSIS\system_stm32f0xx.c(284): warning:  #177-D: function "SetSysClock" was declared but never referenced
  static void SetSysClock(void)
Libs\CMSIS\system_stm32f0xx.c: 1 warning, 0 errors
compiling Init_I2C.c...
compiling Init_SPI.c...
UserSource\Init_SPI.c(11): warning:  #177-D: variable "i" was declared but never referenced
     uint32_t i; //Объявляем переменную для цикла задержки
UserSource\Init_SPI.c: 1 warning, 0 errors
compiling 1wire.c...
Libs\Drivers\src\1wire.c(255): warning:  #167-D: argument of type "uint8_t *" is incompatible with parameter of type "char *"
                  OW_Send(
W_SEND_RESET, (uint8_t*)"\xf0", 1, 0, 0, 
W_NO_READ);
Libs\Drivers\src\1wire.c: 1 warning, 0 errors
compiling stm32f0xx_adc.c...
compiling main.c...
UserSource\SSD1351.h(21): warning:  #1295-D: Deprecated declaration SSD1351_Init - give arg types
  void SSD1351_Init() ;
UserSource\SSD1351.h(179): warning:  #177-D: variable "temp_buff_size" was declared but never referenced
  	uint16_t buff_num,temp_buff_size,chunk_size;
UserSource\SSD1351.h(179): warning:  #177-D: variable "chunk_size" was declared but never referenced
  	uint16_t buff_num,temp_buff_size,chunk_size;
UserSource\SSD1351.h(180): warning:  #177-D: variable "m" was declared but never referenced
  	uint8_t m;
UserSource\main.c(303): warning:  #177-D: variable "Count" was declared but never referenced
     uint8_t Count=0;	// Счётчик успешно принятых байт
UserSource\main.c(420): warning:  #177-D: variable "Count" was declared but never referenced
     uint8_t Count=0;	// Счётчик успешно принятых байт
UserSource\main.c: 6 warnings, 0 errors
compiling stm32f0xx_crc.c...
compiling stm32f0xx_comp.c...
compiling stm32f0xx_cec.c...
compiling stm32f0xx_crs.c...
compiling stm32f0xx_dac.c...
compiling stm32f0xx_can.c...
compiling stm32f0xx_dbgmcu.c...
compiling stm32f0xx_exti.c...
compiling stm32f0xx_dma.c...
compiling stm32f0xx_gpio.c...
compiling stm32f0xx_iwdg.c...
compiling stm32f0xx_flash.c...
compiling stm32f0xx_i2c.c...
compiling stm32f0xx_misc.c...
compiling stm32f0xx_pwr.c...
compiling stm32f0xx_syscfg.c...
compiling stm32f0xx_spi.c...
compiling stm32f0xx_rcc.c...
compiling stm32f0xx_rtc.c...
compiling stm32f0xx_usart.c...
compiling stm32f0xx_tim.c...
compiling stm32f0xx_wwdg.c...
linking...
Program Size: Code=7300 RO-data=212 RW-data=116 ZI-data=1764  
".\Objects\Clock Kirill.axf" - 0 Error(s), 9 Warning(s).

<h2>Collection of Component include folders:</h2>
  H:\STM pro\Keil\Часы Кирилл\RTE
  C:\Keil_v5\ARM\PACK\Keil\STM32F0xx_DFP\1.4.0\Device\Include

<h2>Collection of Component Files used:</h2>
Build Time Elapsed:  00:00:04
</pre>
</body>
</html>
